       1                                
       2                                	.title	Hello world program
       3                                
       4                                	; This program prints "Hello, world"
       5                                	; (or any other string) on the serial console at 177650.
       6                                	; Then it HALTs.
       7                                	; On CONT, it repeats.
       8                                
       9                                	.asect
      10                                
      11 177560                         	serial = 177560 	; base addr of DL11
      12                                
      13                                
      14 002000                         	.=2000
      15                                
      16                                start:
      17 002000 012702  177564          	mov	#serial+4,r2	; r2 points to DL11 transmitter section
      18 002004 012701  002032          	mov	#string,r1	; r1 points to the current character
      19                                nxtchr:
      20 002010 112100                  	movb	(r1)+,r0	; load xmt char into r0
      21 002012 001405                  	beq	done		; string ends with 0
      22                                
      23 002014 110062  000002          	movb	r0,2(r2)	; xmt char
      24 002020 105712                  wait:	tstb	(r2)		; character transmitted?
      25 002022 100376                  	bpl	wait		; no, loop
      26 002024 000771                  	br	nxtchr		; transmit nxt char of string
      27                                
      28 002026 000000                  done:	halt
      29 002030 000763                  	br	start
      30                                
      31                                string:
      32 002032    015     012          	.byte	15,12		; CR, LF
      33 002034    110     145     154  	.ascii	/Hello, world!/ ; arbitrary text
         002037    154     157     054  
         002042    040     167     157  
         002045    162     154     144  
         002050    041                  
      34 002051    015     012     000  	.byte	15,12,0 	; CR, LF, NUL=end marker
      35                                
      36                                	.end
      36                                
